<?xml version="1.0"?>
<testsuites>
  <testsuite name="PhantomJS 1.9.8 (Linux 0.0.0)" package="" timestamp="2015-07-30T05:37:01" id="0" hostname="laptop" tests="1" errors="1" failures="1" time="0.009">
    <properties>
      <property name="browser.fullName" value="Mozilla/5.0 (Unknown; Linux x86_64) AppleWebKit/534.34 (KHTML, like Gecko) PhantomJS/1.9.8 Safari/534.34"/>
    </properties>
    <testcase name="should attach a list of pages to the scope" time="0.009" classname="PhantomJS 1.9.8 (Linux 0.0.0).Controller: MainCtrl">
      <failure type="">TypeError: &apos;undefined&apos; is not an object (evaluating &apos;scope.pages.length&apos;)
    at /var/www/itDateTimePicker/test/spec/controllers/main.js:20
</failure>
    </testcase>
    <system-out><![CDATA[
]]></system-out>
    <system-err/>
  </testsuite>
</testsuites>
